14:52:39 Build sandboxing disabled due to nsjail error.
14:52:50 ************************************************************
14:52:50 You are building on a machine with 11.6GB of RAM
14:52:50 
14:52:50 The minimum required amount of free memory is around 16GB,
14:52:50 and even with that, some configurations may not work.
14:52:50 
14:52:50 If you run into segfaults or other errors, try reducing your
14:52:50 -j value.
14:52:50 ************************************************************
Running product configuration...
============================================
PLATFORM_VERSION_CODENAME=REL
PLATFORM_VERSION=15
LINEAGE_VERSION=4.2-a15-20260729-UNOFFICIAL-Palma2_Pro_C
TARGET_PRODUCT=lineage_Palma2_Pro_C
TARGET_BUILD_VARIANT=userdebug
TARGET_ARCH=arm64
TARGET_ARCH_VARIANT=armv8-2a-dotprod
TARGET_CPU_VARIANT=cortex-a76
TARGET_2ND_ARCH=arm
TARGET_2ND_ARCH_VARIANT=armv8-a
TARGET_2ND_CPU_VARIANT=cortex-a76
HOST_OS=linux
HOST_OS_EXTRA=Linux-6.12.13-200.fc41.aarch64-x86_64-Ubuntu-22.04.5-LTS
HOST_CROSS_OS=windows
BUILD_ID=BP1A.250505.005
OUT_DIR=out
============================================
[100% 1/1] bootstrap blueprint
Running globs...
16:40:11 soong bootstrap failed with: exit status 1
[100% 2/2] analyzing Android.bp files and generating ninja file at out/soong/build.lineage_Palma2_Pro_C.ninja
FAILED: out/soong/build.lineage_Palma2_Pro_C.ninja
cd "$(dirname "out/host/linux-x86/bin/soong_build")" && BUILDER="$PWD/$(basename "out/host/linux-x86/bin/soong_build")" && cd / && env -i  "$BUILDER"     --top "$TOP"     --soong_out "out/soong"     --out "out"     --soong_variables out/soong/soong.lineage_Palma2_Pro_C.variables -o out/soong/build.lineage_Palma2_Pro_C.ninja -l out/.module_paths/Android.bp.list --available_env out/soong/soong.environment.available --used_env out/soong/soong.environment.used.lineage_Palma2_Pro_C.build Android.bp
Warning: Module 'Mail' depends on non-existing optional_uses_libs 'com.sec.android.app.multiwindow'
Warning: Module 'Maps' depends on non-existing optional_uses_libs 'com.sec.android.app.multiwindow'
Warning: Module 'androidx.wear_wear' depends on non-existing optional_uses_libs 'wear-sdk'
Warning: Module 'androidx.wear.compose_compose-foundation' depends on non-existing optional_uses_libs 'wear-sdk'
Warning: Module 'webview' depends on non-existing optional_uses_libs 'com.android.extensions.xr'
Warning: Module 'Browser' depends on non-existing optional_uses_libs 'com.android.extensions.xr'
Killed
ninja: build stopped: subcommand failed.

#### failed to build some targets (01:47:39 (hh:mm:ss)) ####

