22:38:13 Build sandboxing disabled due to nsjail error.
22:38:20 ************************************************************
22:38:20 You are building on a machine with 12.6GB of RAM
22:38:20 
22:38:20 The minimum required amount of free memory is around 16GB,
22:38:20 and even with that, some configurations may not work.
22:38:20 
22:38:20 If you run into segfaults or other errors, try reducing your
22:38:20 -j value.
22:38:20 ************************************************************
Running product configuration...
============================================
PLATFORM_VERSION_CODENAME=REL
PLATFORM_VERSION=15
LINEAGE_VERSION=4.2-a15-20260729-UNOFFICIAL-Palma2_Pro_C
TARGET_PRODUCT=lineage_Palma2_Pro_C
TARGET_BUILD_VARIANT=userdebug
TARGET_ARCH=arm64
TARGET_ARCH_VARIANT=armv8-2a-dotprod
TARGET_CPU_VARIANT=cortex-a76
TARGET_2ND_ARCH=arm
TARGET_2ND_ARCH_VARIANT=armv8-a
TARGET_2ND_CPU_VARIANT=cortex-a76
HOST_OS=linux
HOST_OS_EXTRA=Linux-6.12.13-200.fc41.aarch64-x86_64-Ubuntu-22.04.5-LTS
HOST_CROSS_OS=windows
BUILD_ID=BP1A.250505.005
OUT_DIR=out
============================================
[100% 1/1] bootstrap blueprint
Running globs...
[100% 2/2] analyzing Android.bp files and generating ninja file at out/soong/build.lineage_Palma2_Pro_C.ninja
FAILED: out/soong/build.lineage_Palma2_Pro_C.ninja
cd "$(dirname "out/host/linux-x86/bin/soong_build")" && BUILDER="$PWD/$(basename "out/host/linux-x86/bin/soong_build")" && cd / && env -i  "$BUILDER"     --top "$TOP"     --soong_out "out/soong"     --out "out"     --soong_variables out/soong/soong.lineage_Palma2_Pro_C.variables -o out/soong/build.lineage_Palma2_Pro_C.ninja -l out/.module_paths/Android.bp.list --available_env out/soong/soong.environment.available --used_env out/soong/soong.environment.used.lineage_Palma2_Pro_C.build Android.bp
error: test/cts-root/tests/stats/Android.bp:20:1: "CtsRootStatsDeviceTestCases" depends on undefined module "cts_defaults".
Or did you mean ["mts_defaults" "sts_defaults"]?
error: test/cts-root/tests/packagewatchdog/Android.bp:20:1: "CtsRootPackageWatchdogTestCases" depends on undefined module "cts_defaults".
Or did you mean ["mts_defaults" "sts_defaults"]?
error: test/cts-root/hostsidetests/rollback/Android.bp:19:1: "CtsRootRollbackManagerHostTestCases" depends on undefined module "cts_defaults".
Or did you mean ["mts_defaults" "sts_defaults"]?
error: packages/modules/Connectivity/tests/cts/netpermission/internetpermission/Android.bp:20:1: "CtsNetTestCasesInternetPermission" depends on undefined module "cts_defaults".
Or did you mean ["mts_defaults" "sts_defaults"]?
error: build/bazel/examples/android_test_helper_app/Android.bp:19:1: "CtsEmptyTestAppExample" depends on undefined module "cts_defaults".
Or did you mean ["mts_defaults" "sts_defaults"]?
error: packages/modules/Connectivity/tests/cts/hostside/Android.bp:36:1: "CtsHostsideNetworkTests" depends on undefined module "cts_defaults".
Or did you mean ["mts_defaults" "sts_defaults"]?
error: test/suite_harness/common/host-side/util/Android.bp:19:1: "compatibility-host-util" depends on undefined module "cts_error_prone_rules".
Or did you mean ["libctspermission_jni" "octets_test_src_lib" "rpc_test_proto_header" "rpc_test_proto_source"]?
error: packages/modules/HealthFitness/tests/cts/Android.bp:76:1: "CtsHealthFitnessDeviceTestCasesNoPermission" depends on undefined module "cts_defaults".
Or did you mean ["mts_defaults" "sts_defaults"]?
error: packages/modules/Uwb/tests/cts/tests/Android.bp:20:1: "CtsUwbTestCases" depends on undefined module "cts_defaults".
Or did you mean ["mts_defaults" "sts_defaults"]?
error: platform_testing/libraries/sts-common-util/host-side/Android.bp:19:1: "sts-host-util" depends on undefined module "cts_error_prone_rules".
Or did you mean ["libctspermission_jni" "octets_test_src_lib" "rpc_test_proto_header" "rpc_test_proto_source"]?
error: packages/modules/Profiling/tests/cts/Android.bp:6:1: "CtsProfilingModuleTests" depends on undefined module "cts_defaults".
Or did you mean ["mts_defaults" "sts_defaults"]?
error: test/cts-root/hostsidetests/packageinstaller/Android.bp:20:1: "CtsRootPackageInstallerHostTestCases" depends on undefined module "cts_defaults".
Or did you mean ["mts_defaults" "sts_defaults"]?
error: test/cts-root/tests/usage/Android.bp:19:1: "CtsRootUsageDeviceTestCases" depends on undefined module "cts_defaults".
Or did you mean ["mts_defaults" "sts_defaults"]?
error: packages/modules/DeviceLock/tests/cts/Android.bp:19:1: "CtsDeviceLockTestCases" depends on undefined module "cts_defaults".
Or did you mean ["mts_defaults" "sts_defaults"]?
error: test/cts-root/tests/bionic/Android.bp:5:1: "CtsBionicRootTestCases" depends on undefined module "cts_bionic_defaults".
Or did you mean ["//bionic/benchmarks" "//bionic/libc/tools" "//bionic/libfdtrack" "//bionic/tests/libs" "bionic-stress-tests" "bionic_apex_license" "bionic_libc_license" "bionic_libm_license" "bionic_targets_only" "host_bionic_verify"]?
error: test/suite_harness/common/util/Android.bp:20:1: "compatibility-common-util-hostsidelib" depends on undefined module "cts_error_prone_rules".
Or did you mean ["libctspermission_jni" "octets_test_src_lib" "rpc_test_proto_header" "rpc_test_proto_source"]?
error: test/cts-root/tests/bluetooth/Android.bp:20:1: "CtsRootBluetoothTestCases" depends on undefined module "cts_defaults".
Or did you mean ["mts_defaults" "sts_defaults"]?
error: test/vts-testcase/hal/neuralnetworks/V1_2/benchmark/java/Android.bp:23:1: "VtsHalNeuralnetworksV1_2BenchmarkTestCases" depends on undefined module "cts_defaults".
Or did you mean ["mts_defaults" "sts_defaults"]?
error: packages/modules/Connectivity/nearby/tests/unit/Android.bp:20:1: "NearbyUnitTests" depends on undefined module "mts-target-sdk-version-current".
Or did you mean ["//test/app_compat/csuite/pylib" "//test/catbox/target_preparers" "//test/robolectric-extensions" "//test/vts-testcase/hal/treble" "//test/vts-testcase/kernel/abi" "//test/vts-testcase/kernel/bow" "//test/vts-testcase/kernel/gki" "//test/vts-testcase/kernel/isa" "//test/vts/tests/fastboot_test" "//test/vts/tests/firmware_test" "//test/vts/vts_hal_hidl_target" "CarServiceOverlayEmulatorMedia" "CarServiceRemoteAccessUnitTest" "CarSettingsDevicelessRoboTests" "CarSettingsLibForDeviceTesting" "EmulatorTetheringConfigOverlay" "PackageManagerServiceHostTests" "PackageManagerServiceUnitTests" "PackageManagerTestOverlayActor" "VtsHalTetheroffloadTargetTest" "WmTests_server_policy_Presubmit" "argh_test_tests_args_info_tests" "art_libarttools_tests_defaults" "art_standalone_cmdline_tests" "art_standalone_compiler_tests" "art_standalone_dex2oat_cts_tests" "art_standalone_dex2oat_tests" "art_standalone_dexdump_tests" "art_standalone_dexlist_tests" "art_standalone_dexpreopt_tests" "art_standalone_gtest_defaults" "art_standalone_libartbase_tests" "art_standalone_libarttools_tests" "art_standalone_libdexfile_tests" "art_standalone_libprofile_tests" "art_standalone_oatdump_tests" "art_standalone_odrefresh_tests" "art_standalone_profman_tests" "art_standalone_runtime_tests" "art_standalone_sigchain_tests" "art_standalone_test_defaults" "bytes_test_tests_test_buf_mut" "bytes_test_tests_test_reader" "cartelemetryservice-proto-srcs" "charger_sysprop_java_gen_public" "charger_sysprop_sysprop_library" "com.dsi.ant-V1.0-java_gen_java" "com.dsi.ant@1.0_genc++_headers" "dumpstate_hal_configuration_V1_0" "fstab.cf.ext4.cts.vendor_ramdisk" "fstab.cf.f2fs.cts.vendor_ramdisk" "futures-channel_test_tests_mpsc" "futures-executor_test_src_lib" "hoststubgen-test-tiny-test-lib" "jimfs-annotation-stubs-srcjar" "kvm_test_tests_read_only_memory" "kvm_test_tests_real_run_adder" "managedprovisioning_protoslite" "memtag_globals_binary_static" "merged_hwservice_contexts_test" "modules-utils-backgroundthread" "netsim_mac80211_hwsim_rust_gen" "ocl-test-generic-address-space" "packages_apps_Browser2_license" "packages_apps_Contacts_license" "packages_apps_Settings_license" "remote-color-resources-arsc-zip" "rotary-service-javastream-protos" "s2-geometry-library-java-tests" "satellite_createsats2file_test" "server_configurable_flags_test" "shared_memory_allocator_tests" "stable.core.platform.api.stubs" "stable.i18n.module.platform.api" "statslog-appfunctions-java-gen" "statslog-connectivity-java-gen" "statslog-devicepolicy-java-gen" "storaged_private_service_fuzzer" "test.rebootless_apex_jni_libs" "test.rebootless_apex_service_v1" "test.rebootless_apex_service_v2" "ti-alloc-sample-base-defaults" "ti-alloc-sample-static-defaults" "trace_processor_shell_prebuilt" "tracefast-interpreter-defaults" "tradefed-dynamic-sharding-grpc" "tradefed-external-dependencies" "tradefed-invocation-interfaces" "trebuchet-startup-common-tests" "trendy_team_android_onboarding" "trendy_team_android_safer_apps" "trendy_team_android_tv_engprod" "trendy_team_billstevenson_team" "trendy_team_biometric_security" "trendy_team_camera_from_google" "trendy_team_carrier_field_test" "trendy_team_credential_manager" "trendy_team_deprecated_theming" "trendy_team_dialer_make_pixel_" "trendy_team_fwk_thread_network" "trendy_team_jasoncampbell_team" "trendy_team_renderscript_nnapi" "trendy_team_system_performance" "trendy_team_updatable_sdk_apis" "trendy_team_wear_wcs_developer" "trendy_team_wear_wear_identity" "trendy_team_wear_wear_security" "trendy_team_wear_wear_services" "trendy_team_wilkinsonclay_team" "vm_attestation_payload_defaults" "vm_attestation_testapp_defaults"]?
error: packages/modules/Connectivity/nearby/tests/integration/untrusted/Android.bp:20:1: "NearbyIntegrationUntrustedTests" depends on undefined module "mts-target-sdk-version-current".
Or did you mean ["//test/app_compat/csuite/pylib" "//test/catbox/target_preparers" "//test/robolectric-extensions" "//test/vts-testcase/hal/treble" "//test/vts-testcase/kernel/abi" "//test/vts-testcase/kernel/bow" "//test/vts-testcase/kernel/gki" "//test/vts-testcase/kernel/isa" "//test/vts/tests/fastboot_test" "//test/vts/tests/firmware_test" "//test/vts/vts_hal_hidl_target" "CarServiceOverlayEmulatorMedia" "CarServiceRemoteAccessUnitTest" "CarSettingsDevicelessRoboTests" "CarSettingsLibForDeviceTesting" "EmulatorTetheringConfigOverlay" "PackageManagerServiceHostTests" "PackageManagerServiceUnitTests" "PackageManagerTestOverlayActor" "VtsHalTetheroffloadTargetTest" "WmTests_server_policy_Presubmit" "argh_test_tests_args_info_tests" "art_libarttools_tests_defaults" "art_standalone_cmdline_tests" "art_standalone_compiler_tests" "art_standalone_dex2oat_cts_tests" "art_standalone_dex2oat_tests" "art_standalone_dexdump_tests" "art_standalone_dexlist_tests" "art_standalone_dexpreopt_tests" "art_standalone_gtest_defaults" "art_standalone_libartbase_tests" "art_standalone_libarttools_tests" "art_standalone_libdexfile_tests" "art_standalone_libprofile_tests" "art_standalone_oatdump_tests" "art_standalone_odrefresh_tests" "art_standalone_profman_tests" "art_standalone_runtime_tests" "art_standalone_sigchain_tests" "art_standalone_test_defaults" "bytes_test_tests_test_buf_mut" "bytes_test_tests_test_reader" "cartelemetryservice-proto-srcs" "charger_sysprop_java_gen_public" "charger_sysprop_sysprop_library" "com.dsi.ant-V1.0-java_gen_java" "com.dsi.ant@1.0_genc++_headers" "dumpstate_hal_configuration_V1_0" "fstab.cf.ext4.cts.vendor_ramdisk" "fstab.cf.f2fs.cts.vendor_ramdisk" "futures-channel_test_tests_mpsc" "futures-executor_test_src_lib" "hoststubgen-test-tiny-test-lib" "jimfs-annotation-stubs-srcjar" "kvm_test_tests_read_only_memory" "kvm_test_tests_real_run_adder" "managedprovisioning_protoslite" "memtag_globals_binary_static" "merged_hwservice_contexts_test" "modules-utils-backgroundthread" "netsim_mac80211_hwsim_rust_gen" "ocl-test-generic-address-space" "packages_apps_Browser2_license" "packages_apps_Contacts_license" "packages_apps_Settings_license" "remote-color-resources-arsc-zip" "rotary-service-javastream-protos" "s2-geometry-library-java-tests" "satellite_createsats2file_test" "server_configurable_flags_test" "shared_memory_allocator_tests" "stable.core.platform.api.stubs" "stable.i18n.module.platform.api" "statslog-appfunctions-java-gen" "statslog-connectivity-java-gen" "statslog-devicepolicy-java-gen" "storaged_private_service_fuzzer" "test.rebootless_apex_jni_libs" "test.rebootless_apex_service_v1" "test.rebootless_apex_service_v2" "ti-alloc-sample-base-defaults" "ti-alloc-sample-static-defaults" "trace_processor_shell_prebuilt" "tracefast-interpreter-defaults" "tradefed-dynamic-sharding-grpc" "tradefed-external-dependencies" "tradefed-invocation-interfaces" "trebuchet-startup-common-tests" "trendy_team_android_onboarding" "trendy_team_android_safer_apps" "trendy_team_android_tv_engprod" "trendy_team_billstevenson_team" "trendy_team_biometric_security" "trendy_team_camera_from_google" "trendy_team_carrier_field_test" "trendy_team_credential_manager" "trendy_team_deprecated_theming" "trendy_team_dialer_make_pixel_" "trendy_team_fwk_thread_network" "trendy_team_jasoncampbell_team" "trendy_team_renderscript_nnapi" "trendy_team_system_performance" "trendy_team_updatable_sdk_apis" "trendy_team_wear_wcs_developer" "trendy_team_wear_wear_identity" "trendy_team_wear_wear_security" "trendy_team_wear_wear_services" "trendy_team_wilkinsonclay_team" "vm_attestation_payload_defaults" "vm_attestation_testapp_defaults"]?
error: packages/modules/Connectivity/nearby/tests/cts/fastpair/Android.bp:20:1: "CtsNearbyFastPairTestCases" depends on undefined module "cts_defaults".
Or did you mean ["mts_defaults" "sts_defaults"]?
error: packages/modules/Connectivity/nearby/tests/integration/privileged/Android.bp:20:1: "NearbyIntegrationPrivilegedTests" depends on undefined module "mts-target-sdk-version-current".
Or did you mean ["//test/app_compat/csuite/pylib" "//test/catbox/target_preparers" "//test/robolectric-extensions" "//test/vts-testcase/hal/treble" "//test/vts-testcase/kernel/abi" "//test/vts-testcase/kernel/bow" "//test/vts-testcase/kernel/gki" "//test/vts-testcase/kernel/isa" "//test/vts/tests/fastboot_test" "//test/vts/tests/firmware_test" "//test/vts/vts_hal_hidl_target" "CarServiceOverlayEmulatorMedia" "CarServiceRemoteAccessUnitTest" "CarSettingsDevicelessRoboTests" "CarSettingsLibForDeviceTesting" "EmulatorTetheringConfigOverlay" "PackageManagerServiceHostTests" "PackageManagerServiceUnitTests" "PackageManagerTestOverlayActor" "VtsHalTetheroffloadTargetTest" "WmTests_server_policy_Presubmit" "argh_test_tests_args_info_tests" "art_libarttools_tests_defaults" "art_standalone_cmdline_tests" "art_standalone_compiler_tests" "art_standalone_dex2oat_cts_tests" "art_standalone_dex2oat_tests" "art_standalone_dexdump_tests" "art_standalone_dexlist_tests" "art_standalone_dexpreopt_tests" "art_standalone_gtest_defaults" "art_standalone_libartbase_tests" "art_standalone_libarttools_tests" "art_standalone_libdexfile_tests" "art_standalone_libprofile_tests" "art_standalone_oatdump_tests" "art_standalone_odrefresh_tests" "art_standalone_profman_tests" "art_standalone_runtime_tests" "art_standalone_sigchain_tests" "art_standalone_test_defaults" "bytes_test_tests_test_buf_mut" "bytes_test_tests_test_reader" "cartelemetryservice-proto-srcs" "charger_sysprop_java_gen_public" "charger_sysprop_sysprop_library" "com.dsi.ant-V1.0-java_gen_java" "com.dsi.ant@1.0_genc++_headers" "dumpstate_hal_configuration_V1_0" "fstab.cf.ext4.cts.vendor_ramdisk" "fstab.cf.f2fs.cts.vendor_ramdisk" "futures-channel_test_tests_mpsc" "futures-executor_test_src_lib" "hoststubgen-test-tiny-test-lib" "jimfs-annotation-stubs-srcjar" "kvm_test_tests_read_only_memory" "kvm_test_tests_real_run_adder" "managedprovisioning_protoslite" "memtag_globals_binary_static" "merged_hwservice_contexts_test" "modules-utils-backgroundthread" "netsim_mac80211_hwsim_rust_gen" "ocl-test-generic-address-space" "packages_apps_Browser2_license" "packages_apps_Contacts_license" "packages_apps_Settings_license" "remote-color-resources-arsc-zip" "rotary-service-javastream-protos" "s2-geometry-library-java-tests" "satellite_createsats2file_test" "server_configurable_flags_test" "shared_memory_allocator_tests" "stable.core.platform.api.stubs" "stable.i18n.module.platform.api" "statslog-appfunctions-java-gen" "statslog-connectivity-java-gen" "statslog-devicepolicy-java-gen" "storaged_private_service_fuzzer" "test.rebootless_apex_jni_libs" "test.rebootless_apex_service_v1" "test.rebootless_apex_service_v2" "ti-alloc-sample-base-defaults" "ti-alloc-sample-static-defaults" "trace_processor_shell_prebuilt" "tracefast-interpreter-defaults" "tradefed-dynamic-sharding-grpc" "tradefed-external-dependencies" "tradefed-invocation-interfaces" "trebuchet-startup-common-tests" "trendy_team_android_onboarding" "trendy_team_android_safer_apps" "trendy_team_android_tv_engprod" "trendy_team_billstevenson_team" "trendy_team_biometric_security" "trendy_team_camera_from_google" "trendy_team_carrier_field_test" "trendy_team_credential_manager" "trendy_team_deprecated_theming" "trendy_team_dialer_make_pixel_" "trendy_team_fwk_thread_network" "trendy_team_jasoncampbell_team" "trendy_team_renderscript_nnapi" "trendy_team_system_performance" "trendy_team_updatable_sdk_apis" "trendy_team_wear_wcs_developer" "trendy_team_wear_wear_identity" "trendy_team_wear_wear_security" "trendy_team_wear_wear_services" "trendy_team_wilkinsonclay_team" "vm_attestation_payload_defaults" "vm_attestation_testapp_defaults"]?
error: test/cts-root/tests/bugreport/Android.bp:19:1: "CtsRootBugreportTestCases" depends on undefined module "cts_defaults".
Or did you mean ["mts_defaults" "sts_defaults"]?
error: packages/modules/HealthFitness/tests/cts/Android.bp:20:1: "CtsHealthFitnessDeviceTestCases" depends on undefined module "cts_defaults".
Or did you mean ["mts_defaults" "sts_defaults"]?
ninja: build stopped: subcommand failed.
22:38:33 soong bootstrap failed with: exit status 1

#### failed to build some targets (22 seconds) ####

